// Jest Snapshot v1, https://goo.gl/fbAQLP

exports[`<input-number> demo: render [basic] correctly 1`] = `
"<div class=\\"arco-space arco-space-vertical\\">
  <div class=\\"arco-space-item\\" style=\\"margin-bottom: 24px;\\"><span style=\\"width: 320px;\\" class=\\"input-demo arco-input-number arco-input-number-mode-embed arco-input-number-size-medium arco-input-wrapper\\"><!----><input class=\\"arco-input arco-input-size-medium\\" type=\\"text\\" placeholder=\\"Please Enter\\"><!----><span class=\\"arco-input-suffix\\"><!----><div class=\\"arco-input-number-step\\"><button class=\\"arco-input-number-step-button arco-input-number-step-button-disabled\\" type=\\"button\\" disabled=\\"\\"><svg viewBox=\\"0 0 48 48\\" fill=\\"none\\" xmlns=\\"http://www.w3.org/2000/svg\\" stroke=\\"currentColor\\" class=\\"arco-icon arco-icon-up\\" stroke-width=\\"4\\" stroke-linecap=\\"butt\\" stroke-linejoin=\\"miter\\"><path d=\\"M39.6 30.557 24.043 15 8.487 30.557\\"></path></svg></button><button class=\\"arco-input-number-step-button\\" type=\\"button\\"><svg viewBox=\\"0 0 48 48\\" fill=\\"none\\" xmlns=\\"http://www.w3.org/2000/svg\\" stroke=\\"currentColor\\" class=\\"arco-icon arco-icon-down\\" stroke-width=\\"4\\" stroke-linecap=\\"butt\\" stroke-linejoin=\\"miter\\"><path d=\\"M39.6 17.443 24.043 33 8.487 17.443\\"></path></svg></button></div></span></span></div>
  <div class=\\"arco-space-item\\"><span style=\\"width: 320px;\\" class=\\"input-demo arco-input-number arco-input-number-mode-embed arco-input-number-size-medium arco-input-wrapper arco-input-disabled\\"><!----><input class=\\"arco-input arco-input-size-medium\\" type=\\"text\\" placeholder=\\"Please Enter\\" disabled=\\"\\"><!----><span class=\\"arco-input-suffix\\"><!----><div class=\\"arco-input-number-step\\"><button class=\\"arco-input-number-step-button arco-input-number-step-button-disabled\\" type=\\"button\\" disabled=\\"\\"><svg viewBox=\\"0 0 48 48\\" fill=\\"none\\" xmlns=\\"http://www.w3.org/2000/svg\\" stroke=\\"currentColor\\" class=\\"arco-icon arco-icon-up\\" stroke-width=\\"4\\" stroke-linecap=\\"butt\\" stroke-linejoin=\\"miter\\"><path d=\\"M39.6 30.557 24.043 15 8.487 30.557\\"></path></svg></button><button class=\\"arco-input-number-step-button arco-input-number-step-button-disabled\\" type=\\"button\\" disabled=\\"\\"><svg viewBox=\\"0 0 48 48\\" fill=\\"none\\" xmlns=\\"http://www.w3.org/2000/svg\\" stroke=\\"currentColor\\" class=\\"arco-icon arco-icon-down\\" stroke-width=\\"4\\" stroke-linecap=\\"butt\\" stroke-linejoin=\\"miter\\"><path d=\\"M39.6 17.443 24.043 33 8.487 17.443\\"></path></svg></button></div></span></span></div>
</div>"
`;

exports[`<input-number> demo: render [format] correctly 1`] = `"<span style=\\"width: 320px;\\" class=\\"input-demo arco-input-number arco-input-number-mode-embed arco-input-number-size-medium arco-input-wrapper\\"><!----><input class=\\"arco-input arco-input-size-medium\\" type=\\"text\\" placeholder=\\"Please Enter\\"><!----><span class=\\"arco-input-suffix\\"><!----><div class=\\"arco-input-number-step\\"><button class=\\"arco-input-number-step-button\\" type=\\"button\\"><svg viewBox=\\"0 0 48 48\\" fill=\\"none\\" xmlns=\\"http://www.w3.org/2000/svg\\" stroke=\\"currentColor\\" class=\\"arco-icon arco-icon-up\\" stroke-width=\\"4\\" stroke-linecap=\\"butt\\" stroke-linejoin=\\"miter\\"><path d=\\"M39.6 30.557 24.043 15 8.487 30.557\\"></path></svg></button><button class=\\"arco-input-number-step-button\\" type=\\"button\\"><svg viewBox=\\"0 0 48 48\\" fill=\\"none\\" xmlns=\\"http://www.w3.org/2000/svg\\" stroke=\\"currentColor\\" class=\\"arco-icon arco-icon-down\\" stroke-width=\\"4\\" stroke-linecap=\\"butt\\" stroke-linejoin=\\"miter\\"><path d=\\"M39.6 17.443 24.043 33 8.487 17.443\\"></path></svg></button></div></span></span>"`;

exports[`<input-number> demo: render [mode] correctly 1`] = `"<div class=\\"arco-input-group\\"><button class=\\"arco-btn arco-btn-secondary arco-btn-shape-square arco-btn-size-medium arco-btn-status-normal arco-btn-only-icon\\" type=\\"button\\"><span class=\\"arco-btn-icon\\"><svg viewBox=\\"0 0 48 48\\" fill=\\"none\\" xmlns=\\"http://www.w3.org/2000/svg\\" stroke=\\"currentColor\\" class=\\"arco-icon arco-icon-minus\\" stroke-width=\\"4\\" stroke-linecap=\\"butt\\" stroke-linejoin=\\"miter\\"><path d=\\"M5 24h38\\"></path></svg></span></button><span style=\\"width: 320px;\\" class=\\"input-demo arco-input-number arco-input-number-mode-button arco-input-number-size-medium arco-input-wrapper\\"><!----><input class=\\"arco-input arco-input-size-medium\\" type=\\"text\\" placeholder=\\"Please Enter\\"><!----><!----></span><button class=\\"arco-btn arco-btn-secondary arco-btn-shape-square arco-btn-size-medium arco-btn-status-normal arco-btn-only-icon\\" type=\\"button\\"><span class=\\"arco-btn-icon\\"><svg viewBox=\\"0 0 48 48\\" fill=\\"none\\" xmlns=\\"http://www.w3.org/2000/svg\\" stroke=\\"currentColor\\" class=\\"arco-icon arco-icon-plus\\" stroke-width=\\"4\\" stroke-linecap=\\"butt\\" stroke-linejoin=\\"miter\\"><path d=\\"M5 24h38M24 5v38\\"></path></svg></span></button></div>"`;

exports[`<input-number> demo: render [precision] correctly 1`] = `
"<div class=\\"arco-space arco-space-vertical\\">
  <div class=\\"arco-space-item\\" style=\\"margin-bottom: 24px;\\"><span style=\\"width: 320px;\\" class=\\"input-demo arco-input-number arco-input-number-mode-embed arco-input-number-size-medium arco-input-wrapper\\"><!----><input class=\\"arco-input arco-input-size-medium\\" type=\\"text\\" placeholder=\\"Please Enter\\"><!----><span class=\\"arco-input-suffix\\"><!----><div class=\\"arco-input-number-step\\"><button class=\\"arco-input-number-step-button\\" type=\\"button\\"><svg viewBox=\\"0 0 48 48\\" fill=\\"none\\" xmlns=\\"http://www.w3.org/2000/svg\\" stroke=\\"currentColor\\" class=\\"arco-icon arco-icon-up\\" stroke-width=\\"4\\" stroke-linecap=\\"butt\\" stroke-linejoin=\\"miter\\"><path d=\\"M39.6 30.557 24.043 15 8.487 30.557\\"></path></svg></button><button class=\\"arco-input-number-step-button\\" type=\\"button\\"><svg viewBox=\\"0 0 48 48\\" fill=\\"none\\" xmlns=\\"http://www.w3.org/2000/svg\\" stroke=\\"currentColor\\" class=\\"arco-icon arco-icon-down\\" stroke-width=\\"4\\" stroke-linecap=\\"butt\\" stroke-linejoin=\\"miter\\"><path d=\\"M39.6 17.443 24.043 33 8.487 17.443\\"></path></svg></button></div></span></span></div>
  <div class=\\"arco-space-item\\"><span style=\\"width: 320px;\\" class=\\"input-demo arco-input-number arco-input-number-mode-embed arco-input-number-size-medium arco-input-wrapper\\"><!----><input class=\\"arco-input arco-input-size-medium\\" type=\\"text\\" placeholder=\\"Please Enter\\"><!----><span class=\\"arco-input-suffix\\"><!----><div class=\\"arco-input-number-step\\"><button class=\\"arco-input-number-step-button\\" type=\\"button\\"><svg viewBox=\\"0 0 48 48\\" fill=\\"none\\" xmlns=\\"http://www.w3.org/2000/svg\\" stroke=\\"currentColor\\" class=\\"arco-icon arco-icon-up\\" stroke-width=\\"4\\" stroke-linecap=\\"butt\\" stroke-linejoin=\\"miter\\"><path d=\\"M39.6 30.557 24.043 15 8.487 30.557\\"></path></svg></button><button class=\\"arco-input-number-step-button\\" type=\\"button\\"><svg viewBox=\\"0 0 48 48\\" fill=\\"none\\" xmlns=\\"http://www.w3.org/2000/svg\\" stroke=\\"currentColor\\" class=\\"arco-icon arco-icon-down\\" stroke-width=\\"4\\" stroke-linecap=\\"butt\\" stroke-linejoin=\\"miter\\"><path d=\\"M39.6 17.443 24.043 33 8.487 17.443\\"></path></svg></button></div></span></span></div>
</div>"
`;

exports[`<input-number> demo: render [size] correctly 1`] = `
"<div class=\\"arco-space arco-space-vertical\\">
  <div class=\\"arco-space-item\\" style=\\"margin-bottom: 24px;\\"><span style=\\"width: 320px;\\" class=\\"input-demo arco-input-number arco-input-number-mode-embed arco-input-number-size-large arco-input-wrapper\\"><!----><input class=\\"arco-input arco-input-size-large\\" type=\\"text\\" placeholder=\\"Please Enter\\"><!----><span class=\\"arco-input-suffix\\"><!----><div class=\\"arco-input-number-step\\"><button class=\\"arco-input-number-step-button\\" type=\\"button\\"><svg viewBox=\\"0 0 48 48\\" fill=\\"none\\" xmlns=\\"http://www.w3.org/2000/svg\\" stroke=\\"currentColor\\" class=\\"arco-icon arco-icon-up\\" stroke-width=\\"4\\" stroke-linecap=\\"butt\\" stroke-linejoin=\\"miter\\"><path d=\\"M39.6 30.557 24.043 15 8.487 30.557\\"></path></svg></button><button class=\\"arco-input-number-step-button\\" type=\\"button\\"><svg viewBox=\\"0 0 48 48\\" fill=\\"none\\" xmlns=\\"http://www.w3.org/2000/svg\\" stroke=\\"currentColor\\" class=\\"arco-icon arco-icon-down\\" stroke-width=\\"4\\" stroke-linecap=\\"butt\\" stroke-linejoin=\\"miter\\"><path d=\\"M39.6 17.443 24.043 33 8.487 17.443\\"></path></svg></button></div></span></span></div>
  <div class=\\"arco-space-item\\">
    <div class=\\"arco-input-group\\"><button class=\\"arco-btn arco-btn-secondary arco-btn-shape-square arco-btn-size-large arco-btn-status-normal arco-btn-only-icon\\" type=\\"button\\"><span class=\\"arco-btn-icon\\"><svg viewBox=\\"0 0 48 48\\" fill=\\"none\\" xmlns=\\"http://www.w3.org/2000/svg\\" stroke=\\"currentColor\\" class=\\"arco-icon arco-icon-minus\\" stroke-width=\\"4\\" stroke-linecap=\\"butt\\" stroke-linejoin=\\"miter\\"><path d=\\"M5 24h38\\"></path></svg></span></button><span style=\\"width: 320px;\\" class=\\"input-demo arco-input-number arco-input-number-mode-button arco-input-number-size-large arco-input-wrapper\\"><!----><input class=\\"arco-input arco-input-size-large\\" type=\\"text\\" placeholder=\\"Please Enter\\"><!----><!----></span><button class=\\"arco-btn arco-btn-secondary arco-btn-shape-square arco-btn-size-large arco-btn-status-normal arco-btn-only-icon\\" type=\\"button\\"><span class=\\"arco-btn-icon\\"><svg viewBox=\\"0 0 48 48\\" fill=\\"none\\" xmlns=\\"http://www.w3.org/2000/svg\\" stroke=\\"currentColor\\" class=\\"arco-icon arco-icon-plus\\" stroke-width=\\"4\\" stroke-linecap=\\"butt\\" stroke-linejoin=\\"miter\\"><path d=\\"M5 24h38M24 5v38\\"></path></svg></span></button></div>
  </div>
</div>"
`;
