// Jest Snapshot v1, https://goo.gl/fbAQLP

exports[`<cascader> demo: render [basic] correctly 1`] = `
"<div class=\\"arco-space arco-space-horizontal arco-space-align-center\\">
  <div class=\\"arco-space-item\\" style=\\"margin-right: 8px;\\"><span class=\\"arco-select-view-single arco-select-view arco-select-view-size-medium arco-select-view-bordered\\" style=\\"width: 320px;\\"><!----><input class=\\"arco-select-view-input\\" readonly=\\"\\" placeholder=\\"Please select ...\\"><span class=\\"arco-select-view-value arco-select-view-value-hidden\\"><!----></span><span class=\\"arco-select-view-suffix\\"><!----><span class=\\"arco-select-view-icon\\"><svg viewBox=\\"0 0 48 48\\" fill=\\"none\\" xmlns=\\"http://www.w3.org/2000/svg\\" stroke=\\"currentColor\\" class=\\"arco-icon arco-icon-down arco-select-view-arrow-icon\\" stroke-width=\\"4\\" stroke-linecap=\\"butt\\" stroke-linejoin=\\"miter\\"><path d=\\"M39.6 17.443 24.043 33 8.487 17.443\\"></path></svg></span></span></span>
    <!--teleport start-->
    <!--teleport end-->
  </div>
  <div class=\\"arco-space-item\\"><span class=\\"arco-select-view-single arco-select-view arco-select-view-size-medium arco-select-view-bordered\\" style=\\"width: 320px;\\"><!----><input class=\\"arco-select-view-input arco-select-view-input-hidden\\" readonly=\\"\\" placeholder=\\"Please select ...\\"><span class=\\"arco-select-view-value\\">Beijing / ChaoYang / Datunli</span><span class=\\"arco-select-view-suffix\\"><!----><span class=\\"arco-select-view-icon\\"><svg viewBox=\\"0 0 48 48\\" fill=\\"none\\" xmlns=\\"http://www.w3.org/2000/svg\\" stroke=\\"currentColor\\" class=\\"arco-icon arco-icon-down arco-select-view-arrow-icon\\" stroke-width=\\"4\\" stroke-linecap=\\"butt\\" stroke-linejoin=\\"miter\\"><path d=\\"M39.6 17.443 24.043 33 8.487 17.443\\"></path></svg></span></span></span>
    <!--teleport start-->
    <!--teleport end-->
  </div>
</div>"
`;

exports[`<cascader> demo: render [check-strictly] correctly 1`] = `
"<div class=\\"arco-space arco-space-vertical\\">
  <div class=\\"arco-space-item\\" style=\\"margin-bottom: 24px;\\"><span class=\\"arco-select-view-single arco-select-view arco-select-view-size-medium arco-select-view-bordered\\" style=\\"width: 320px;\\"><!----><input class=\\"arco-select-view-input\\" readonly=\\"\\" placeholder=\\"Please select ...\\"><span class=\\"arco-select-view-value arco-select-view-value-hidden\\"><!----></span><span class=\\"arco-select-view-suffix\\"><!----><span class=\\"arco-select-view-icon\\"><svg viewBox=\\"0 0 48 48\\" fill=\\"none\\" xmlns=\\"http://www.w3.org/2000/svg\\" stroke=\\"currentColor\\" class=\\"arco-icon arco-icon-down arco-select-view-arrow-icon\\" stroke-width=\\"4\\" stroke-linecap=\\"butt\\" stroke-linejoin=\\"miter\\"><path d=\\"M39.6 17.443 24.043 33 8.487 17.443\\"></path></svg></span></span></span>
    <!--teleport start-->
    <!--teleport end-->
  </div>
  <div class=\\"arco-space-item\\" style=\\"margin-bottom: 24px;\\"><span class=\\"arco-select-view arco-select-view-size-medium arco-select-view-has-suffix arco-select-view-has-placeholder arco-select-view-multiple\\" bordered=\\"true\\" style=\\"width: 320px;\\"><span class=\\"arco-select-view-mirror\\">Please select ...</span>
    <!---->
    <transition-group-stub><input class=\\"arco-select-view-input\\" style=\\"width: 12px;\\" placeholder=\\"Please select ...\\"></transition-group-stub>
    <!----><span class=\\"arco-select-view-suffix\\"><!----><span class=\\"arco-select-view-icon\\"><svg viewBox=\\"0 0 48 48\\" fill=\\"none\\" xmlns=\\"http://www.w3.org/2000/svg\\" stroke=\\"currentColor\\" class=\\"arco-icon arco-icon-expand\\" stroke-width=\\"4\\" stroke-linecap=\\"butt\\" stroke-linejoin=\\"miter\\" style=\\"transform: rotate(-45deg);\\"><path d=\\"M7 26v14c0 .552.444 1 .996 1H22m19-19V8c0-.552-.444-1-.996-1H26\\"></path></svg></span></span></span>
    <!--teleport start-->
    <!--teleport end-->
  </div>
  <div class=\\"arco-space-item\\"><span class=\\"arco-select-view arco-select-view-size-medium arco-select-view-has-suffix arco-select-view-has-placeholder arco-select-view-multiple\\" bordered=\\"true\\" style=\\"width: 320px;\\"><span class=\\"arco-select-view-mirror\\">Please select ...</span>
    <!---->
    <transition-group-stub><input class=\\"arco-select-view-input\\" style=\\"width: 12px;\\" placeholder=\\"Please select ...\\"></transition-group-stub>
    <!----><span class=\\"arco-select-view-suffix\\"><!----><span class=\\"arco-select-view-icon\\"><svg viewBox=\\"0 0 48 48\\" fill=\\"none\\" xmlns=\\"http://www.w3.org/2000/svg\\" stroke=\\"currentColor\\" class=\\"arco-icon arco-icon-expand\\" stroke-width=\\"4\\" stroke-linecap=\\"butt\\" stroke-linejoin=\\"miter\\" style=\\"transform: rotate(-45deg);\\"><path d=\\"M7 26v14c0 .552.444 1 .996 1H22m19-19V8c0-.552-.444-1-.996-1H26\\"></path></svg></span></span></span>
    <!--teleport start-->
    <!--teleport end-->
  </div>
</div>"
`;

exports[`<cascader> demo: render [clear] correctly 1`] = `
"<span class=\\"arco-select-view-single arco-select-view arco-select-view-size-medium arco-select-view-bordered\\" style=\\"width: 320px;\\"><!----><input class=\\"arco-select-view-input\\" readonly=\\"\\" placeholder=\\"Please select ...\\"><span class=\\"arco-select-view-value arco-select-view-value-hidden\\"><!----></span><span class=\\"arco-select-view-suffix\\"><!----><span class=\\"arco-select-view-icon\\"><svg viewBox=\\"0 0 48 48\\" fill=\\"none\\" xmlns=\\"http://www.w3.org/2000/svg\\" stroke=\\"currentColor\\" class=\\"arco-icon arco-icon-down arco-select-view-arrow-icon\\" stroke-width=\\"4\\" stroke-linecap=\\"butt\\" stroke-linejoin=\\"miter\\"><path d=\\"M39.6 17.443 24.043 33 8.487 17.443\\"></path></svg></span></span></span>
<!--teleport start-->
<!--teleport end-->"
`;

exports[`<cascader> demo: render [disabled] correctly 1`] = `
"<span class=\\"arco-select-view-single arco-select-view arco-select-view-size-medium arco-select-view-bordered\\" style=\\"width: 320px;\\"><!----><input class=\\"arco-select-view-input\\" readonly=\\"\\" placeholder=\\"Please select ...\\"><span class=\\"arco-select-view-value arco-select-view-value-hidden\\"><!----></span><span class=\\"arco-select-view-suffix\\"><!----><span class=\\"arco-select-view-icon\\"><svg viewBox=\\"0 0 48 48\\" fill=\\"none\\" xmlns=\\"http://www.w3.org/2000/svg\\" stroke=\\"currentColor\\" class=\\"arco-icon arco-icon-down arco-select-view-arrow-icon\\" stroke-width=\\"4\\" stroke-linecap=\\"butt\\" stroke-linejoin=\\"miter\\"><path d=\\"M39.6 17.443 24.043 33 8.487 17.443\\"></path></svg></span></span></span>
<!--teleport start-->
<!--teleport end-->"
`;

exports[`<cascader> demo: render [format] correctly 1`] = `
"<span class=\\"arco-select-view-single arco-select-view arco-select-view-size-medium arco-select-view-bordered\\" style=\\"width: 320px;\\"><!----><input class=\\"arco-select-view-input\\" readonly=\\"\\" placeholder=\\"Please select ...\\"><span class=\\"arco-select-view-value arco-select-view-value-hidden\\"><!----></span><span class=\\"arco-select-view-suffix\\"><!----><span class=\\"arco-select-view-icon\\"><svg viewBox=\\"0 0 48 48\\" fill=\\"none\\" xmlns=\\"http://www.w3.org/2000/svg\\" stroke=\\"currentColor\\" class=\\"arco-icon arco-icon-down arco-select-view-arrow-icon\\" stroke-width=\\"4\\" stroke-linecap=\\"butt\\" stroke-linejoin=\\"miter\\"><path d=\\"M39.6 17.443 24.043 33 8.487 17.443\\"></path></svg></span></span></span>
<!--teleport start-->
<!--teleport end-->"
`;

exports[`<cascader> demo: render [multiple] correctly 1`] = `
"<span class=\\"arco-select-view arco-select-view-size-medium arco-select-view-has-suffix arco-select-view-has-placeholder arco-select-view-multiple\\" bordered=\\"true\\" style=\\"width: 320px;\\"><span class=\\"arco-select-view-mirror\\">Please select ...</span>
<!---->
<transition-group-stub><input class=\\"arco-select-view-input\\" style=\\"width: 12px;\\" placeholder=\\"Please select ...\\"></transition-group-stub>
<!----><span class=\\"arco-select-view-suffix\\"><!----><span class=\\"arco-select-view-icon\\"><svg viewBox=\\"0 0 48 48\\" fill=\\"none\\" xmlns=\\"http://www.w3.org/2000/svg\\" stroke=\\"currentColor\\" class=\\"arco-icon arco-icon-expand\\" stroke-width=\\"4\\" stroke-linecap=\\"butt\\" stroke-linejoin=\\"miter\\" style=\\"transform: rotate(-45deg);\\"><path d=\\"M7 26v14c0 .552.444 1 .996 1H22m19-19V8c0-.552-.444-1-.996-1H26\\"></path></svg></span></span></span>
<!--teleport start-->
<!--teleport end-->"
`;

exports[`<cascader> demo: render [path] correctly 1`] = `
"<div class=\\"arco-space arco-space-horizontal arco-space-align-center\\">
  <div class=\\"arco-space-item\\" style=\\"margin-right: 8px;\\"><span class=\\"arco-select-view-single arco-select-view arco-select-view-size-medium arco-select-view-bordered\\" style=\\"width: 320px;\\"><!----><input class=\\"arco-select-view-input\\" readonly=\\"\\" placeholder=\\"Please select ...\\"><span class=\\"arco-select-view-value arco-select-view-value-hidden\\"><!----></span><span class=\\"arco-select-view-suffix\\"><!----><span class=\\"arco-select-view-icon\\"><svg viewBox=\\"0 0 48 48\\" fill=\\"none\\" xmlns=\\"http://www.w3.org/2000/svg\\" stroke=\\"currentColor\\" class=\\"arco-icon arco-icon-down arco-select-view-arrow-icon\\" stroke-width=\\"4\\" stroke-linecap=\\"butt\\" stroke-linejoin=\\"miter\\"><path d=\\"M39.6 17.443 24.043 33 8.487 17.443\\"></path></svg></span></span></span>
    <!--teleport start-->
    <!--teleport end-->
  </div>
  <div class=\\"arco-space-item\\"><span class=\\"arco-select-view-single arco-select-view arco-select-view-size-medium arco-select-view-bordered\\" style=\\"width: 320px;\\"><!----><input class=\\"arco-select-view-input arco-select-view-input-hidden\\" readonly=\\"\\" placeholder=\\"Please select ...\\"><span class=\\"arco-select-view-value\\">Beijing / ChaoYang / Datunli</span><span class=\\"arco-select-view-suffix\\"><!----><span class=\\"arco-select-view-icon\\"><svg viewBox=\\"0 0 48 48\\" fill=\\"none\\" xmlns=\\"http://www.w3.org/2000/svg\\" stroke=\\"currentColor\\" class=\\"arco-icon arco-icon-down arco-select-view-arrow-icon\\" stroke-width=\\"4\\" stroke-linecap=\\"butt\\" stroke-linejoin=\\"miter\\"><path d=\\"M39.6 17.443 24.043 33 8.487 17.443\\"></path></svg></span></span></span>
    <!--teleport start-->
    <!--teleport end-->
  </div>
</div>"
`;

exports[`<cascader> demo: render [search] correctly 1`] = `
"<span class=\\"arco-select-view-single arco-select-view arco-select-view-size-medium arco-select-view-bordered arco-select-view-search\\" style=\\"width: 320px;\\"><!----><input class=\\"arco-select-view-input\\" placeholder=\\"Please select ...\\"><span class=\\"arco-select-view-value arco-select-view-value-hidden\\"><!----></span><span class=\\"arco-select-view-suffix\\"><!----><span class=\\"arco-select-view-icon\\"><svg viewBox=\\"0 0 48 48\\" fill=\\"none\\" xmlns=\\"http://www.w3.org/2000/svg\\" stroke=\\"currentColor\\" class=\\"arco-icon arco-icon-expand\\" stroke-width=\\"4\\" stroke-linecap=\\"butt\\" stroke-linejoin=\\"miter\\" style=\\"transform: rotate(-45deg);\\"><path d=\\"M7 26v14c0 .552.444 1 .996 1H22m19-19V8c0-.552-.444-1-.996-1H26\\"></path></svg></span></span></span>
<!--teleport start-->
<!--teleport end-->"
`;
