// Jest Snapshot v1, https://goo.gl/fbAQLP

exports[`Select show dropdown correctly 1`] = `"<body><transition-stub><div class=\\"arco-trigger-popup arco-trigger-position-bl\\" style=\\"z-index: 1000; left: 0px; top: 4px; transform-origin: 0 0; width: 0px;\\" trigger-placement=\\"bl\\"><div class=\\"arco-trigger-content\\"><div class=\\"arco-dropdown arco-select-dropdown\\"><div class=\\"arco-spin\\" style=\\"width: 100%; display: block;\\"><!--v-if--><div class=\\"arco-dropdown-list-wrapper\\"><ul class=\\"arco-dropdown-list\\"><li class=\\"arco-dropdown-option arco-dropdown-option-active\\"><!--v-if-->Beijing<!--v-if--></li><li class=\\"arco-dropdown-option\\"><!--v-if-->Shanghai<!--v-if--></li><li class=\\"arco-dropdown-option\\"><!--v-if-->Guangzhou<!--v-if--></li><li class=\\"arco-dropdown-option\\"><!--v-if-->Chengdu<!--v-if--></li></ul></div><!--v-if--><!----></div></div></div><!----></div></transition-stub></body>"`;
