// Jest Snapshot v1, https://goo.gl/fbAQLP

exports[`<link> demo: render [basic] correctly 1`] = `
"<div class=\\"arco-space arco-space-horizontal arco-space-align-center\\">
  <div class=\\"arco-space-item\\" style=\\"margin-right: 8px;\\"><a href=\\"link\\" class=\\"arco-link arco-link-status-normal\\">
      <!--v-if-->Link
    </a></div>
  <div class=\\"arco-space-item\\"><a class=\\"arco-link arco-link-status-normal arco-link-disabled\\">
      <!--v-if-->Link
    </a></div>
</div>"
`;

exports[`<link> demo: render [hoverable] correctly 1`] = `
"<div class=\\"arco-space arco-space-horizontal arco-space-align-center\\">
  <div class=\\"arco-space-item\\" style=\\"margin-right: 8px;\\"><a href=\\"link\\" class=\\"arco-link arco-link-status-normal arco-link-hoverless\\">
      <!--v-if-->Link
    </a></div>
  <div class=\\"arco-space-item\\"><a href=\\"link\\" class=\\"arco-link arco-link-status-danger arco-link-hoverless\\">
      <!--v-if-->Link
    </a></div>
</div>"
`;

exports[`<link> demo: render [icon] correctly 1`] = `
"<div>
  <div class=\\"arco-space arco-space-horizontal arco-space-align-center\\">
    <div class=\\"arco-space-item\\" style=\\"margin-right: 8px;\\"><a href=\\"link\\" class=\\"arco-link arco-link-status-normal arco-link-with-icon\\"><span class=\\"arco-link-icon\\"><svg viewBox=\\"0 0 48 48\\" fill=\\"none\\" xmlns=\\"http://www.w3.org/2000/svg\\" stroke=\\"currentColor\\" class=\\"arco-icon arco-icon-link\\" stroke-width=\\"4\\" stroke-linecap=\\"butt\\" stroke-linejoin=\\"miter\\"><path d=\\"M29.037 15.236s-9.174 9.267-11.48 11.594c-2.305 2.327-1.646 4.987-.329 6.316 1.317 1.33 3.994 1.953 6.258-.332L37.32 18.851c3.623-3.657 2.092-8.492 0-10.639-2.093-2.147-6.916-3.657-10.54 0L11.3 23.838c-3.623 3.657-3.953 10.638.329 14.96 4.282 4.322 11.115 4.105 14.821.333 3.706-3.773 8.74-8.822 11.224-11.33\\"></path></svg></span>Link</a></div>
    <div class=\\"arco-space-item\\"><a class=\\"arco-link arco-link-status-normal arco-link-disabled arco-link-with-icon\\"><span class=\\"arco-link-icon\\"><svg viewBox=\\"0 0 48 48\\" fill=\\"none\\" xmlns=\\"http://www.w3.org/2000/svg\\" stroke=\\"currentColor\\" class=\\"arco-icon arco-icon-link\\" stroke-width=\\"4\\" stroke-linecap=\\"butt\\" stroke-linejoin=\\"miter\\"><path d=\\"M29.037 15.236s-9.174 9.267-11.48 11.594c-2.305 2.327-1.646 4.987-.329 6.316 1.317 1.33 3.994 1.953 6.258-.332L37.32 18.851c3.623-3.657 2.092-8.492 0-10.639-2.093-2.147-6.916-3.657-10.54 0L11.3 23.838c-3.623 3.657-3.953 10.638.329 14.96 4.282 4.322 11.115 4.105 14.821.333 3.706-3.773 8.74-8.822 11.224-11.33\\"></path></svg></span>Link</a></div>
  </div>
</div>
<div>
  <div class=\\"arco-space arco-space-horizontal arco-space-align-center\\">
    <div class=\\"arco-space-item\\" style=\\"margin-right: 8px;\\"><a href=\\"link\\" class=\\"arco-link arco-link-status-normal arco-link-with-icon\\"><span class=\\"arco-link-icon\\"><svg viewBox=\\"0 0 48 48\\" fill=\\"none\\" xmlns=\\"http://www.w3.org/2000/svg\\" stroke=\\"currentColor\\" class=\\"arco-icon arco-icon-edit\\" stroke-width=\\"4\\" stroke-linecap=\\"butt\\" stroke-linejoin=\\"miter\\"><path d=\\"m30.48 19.038 5.733-5.734a1 1 0 0 0 0-1.414l-5.586-5.586a1 1 0 0 0-1.414 0l-5.734 5.734m7 7L15.763 33.754a1 1 0 0 1-.59.286l-6.048.708a1 1 0 0 1-1.113-1.069l.477-6.31a1 1 0 0 1 .29-.631l14.7-14.7m7 7-7-7M6 42h36\\"></path></svg></span> Link </a></div>
    <div class=\\"arco-space-item\\"><a class=\\"arco-link arco-link-status-normal arco-link-disabled arco-link-with-icon\\"><span class=\\"arco-link-icon\\"><svg viewBox=\\"0 0 48 48\\" fill=\\"none\\" xmlns=\\"http://www.w3.org/2000/svg\\" stroke=\\"currentColor\\" class=\\"arco-icon arco-icon-edit\\" stroke-width=\\"4\\" stroke-linecap=\\"butt\\" stroke-linejoin=\\"miter\\"><path d=\\"m30.48 19.038 5.733-5.734a1 1 0 0 0 0-1.414l-5.586-5.586a1 1 0 0 0-1.414 0l-5.734 5.734m7 7L15.763 33.754a1 1 0 0 1-.59.286l-6.048.708a1 1 0 0 1-1.113-1.069l.477-6.31a1 1 0 0 1 .29-.631l14.7-14.7m7 7-7-7M6 42h36\\"></path></svg></span> Link </a></div>
  </div>
</div>"
`;

exports[`<link> demo: render [status] correctly 1`] = `
"<div class=\\"arco-space arco-space-vertical\\">
  <div class=\\"arco-space-item\\" style=\\"margin-bottom: 8px;\\">
    <div class=\\"arco-space arco-space-horizontal arco-space-align-center\\">
      <div class=\\"arco-space-item\\" style=\\"margin-right: 8px;\\"><a href=\\"link\\" class=\\"arco-link arco-link-status-normal\\">
          <!--v-if-->Normal Link
        </a></div>
      <div class=\\"arco-space-item\\"><a class=\\"arco-link arco-link-status-normal arco-link-disabled\\">
          <!--v-if-->Normal Link
        </a></div>
    </div>
  </div>
  <div class=\\"arco-space-item\\" style=\\"margin-bottom: 8px;\\">
    <div class=\\"arco-space arco-space-horizontal arco-space-align-center\\">
      <div class=\\"arco-space-item\\" style=\\"margin-right: 8px;\\"><a href=\\"link\\" class=\\"arco-link arco-link-status-success\\">
          <!--v-if-->Success Link
        </a></div>
      <div class=\\"arco-space-item\\"><a class=\\"arco-link arco-link-status-success arco-link-disabled\\">
          <!--v-if-->Success Link
        </a></div>
    </div>
  </div>
  <div class=\\"arco-space-item\\" style=\\"margin-bottom: 8px;\\">
    <div class=\\"arco-space arco-space-horizontal arco-space-align-center\\">
      <div class=\\"arco-space-item\\" style=\\"margin-right: 8px;\\"><a href=\\"link\\" class=\\"arco-link arco-link-status-warning\\">
          <!--v-if-->Warning Link
        </a></div>
      <div class=\\"arco-space-item\\"><a class=\\"arco-link arco-link-status-warning arco-link-disabled\\">
          <!--v-if-->Warning Link
        </a></div>
    </div>
  </div>
  <div class=\\"arco-space-item\\">
    <div class=\\"arco-space arco-space-horizontal arco-space-align-center\\">
      <div class=\\"arco-space-item\\" style=\\"margin-right: 8px;\\"><a href=\\"link\\" class=\\"arco-link arco-link-status-danger\\">
          <!--v-if-->Danger Link
        </a></div>
      <div class=\\"arco-space-item\\"><a class=\\"arco-link arco-link-status-danger arco-link-disabled\\">
          <!--v-if-->Danger Link
        </a></div>
    </div>
  </div>
</div>"
`;
