// Jest Snapshot v1, https://goo.gl/fbAQLP

exports[`<config-provider> demo: render [basic] correctly 1`] = `
"<div class=\\"arco-pagination arco-pagination-size-medium\\"><span class=\\"arco-pagination-total\\">Total: 50</span>
  <ul class=\\"arco-pagination-list\\"><span class=\\"arco-pagination-item arco-pagination-item-previous arco-pagination-item-disabled\\"><svg viewBox=\\"0 0 48 48\\" fill=\\"none\\" xmlns=\\"http://www.w3.org/2000/svg\\" stroke=\\"currentColor\\" class=\\"arco-icon arco-icon-left\\" stroke-width=\\"4\\" stroke-linecap=\\"butt\\" stroke-linejoin=\\"miter\\"><path d=\\"M32 8.4 16.444 23.956 32 39.513\\"></path></svg></span>
    <li class=\\"arco-pagination-item arco-pagination-item-active\\" pages=\\"5\\">1</li>
    <li class=\\"arco-pagination-item\\" pages=\\"5\\">2</li>
    <li class=\\"arco-pagination-item\\" pages=\\"5\\">3</li>
    <li class=\\"arco-pagination-item\\" pages=\\"5\\">4</li>
    <li class=\\"arco-pagination-item\\" pages=\\"5\\">5</li>
    <!----><span class=\\"arco-pagination-item arco-pagination-item-next\\"><svg viewBox=\\"0 0 48 48\\" fill=\\"none\\" xmlns=\\"http://www.w3.org/2000/svg\\" stroke=\\"currentColor\\" class=\\"arco-icon arco-icon-right\\" stroke-width=\\"4\\" stroke-linecap=\\"butt\\" stroke-linejoin=\\"miter\\"><path d=\\"m16 39.513 15.556-15.557L16 8.4\\"></path></svg></span>
  </ul><span class=\\"arco-pagination-options\\"><span class=\\"arco-select-view-single arco-select arco-select-view arco-select-view-size-medium arco-select-view-bordered\\"><!----><input class=\\"arco-select-view-input arco-select-view-input-hidden\\" readonly=\\"\\"><span class=\\"arco-select-view-value\\">10  / Page</span><span class=\\"arco-select-view-suffix\\"><!----><span class=\\"arco-select-view-icon\\"><svg viewBox=\\"0 0 48 48\\" fill=\\"none\\" xmlns=\\"http://www.w3.org/2000/svg\\" stroke=\\"currentColor\\" class=\\"arco-icon arco-icon-down arco-select-view-arrow-icon\\" stroke-width=\\"4\\" stroke-linecap=\\"butt\\" stroke-linejoin=\\"miter\\"><path d=\\"M39.6 17.443 24.043 33 8.487 17.443\\"></path></svg></span></span></span>
  <!--teleport start-->
  <!--teleport end--></span><span class=\\"arco-pagination-jumper\\"><span class=\\"arco-pagination-jumper-text-goto\\">Goto</span><span class=\\"arco-pagination-jumper-input arco-input-number arco-input-number-mode-embed arco-input-number-size-medium arco-input-wrapper\\"><!----><input class=\\"arco-input arco-input-size-medium\\" type=\\"text\\"><!----><!----></span>
  <!--v-if--></span>
</div>"
`;
